- git clone <đường dẫn thùng chứa server>
- git status: Kiểm tra đang ở phân vùng nào
	+ màu đỏ: đang ở phân vùng Working copy
	+ màu xanh lá: đang ở phân vùng Staging Area
- git add . (chuyển code từ vùng Working copy => Staging Area)
- git commit -m "ghi chu" (chuyển code từ vùng Staging Area => Local Repo)
- git push origin <branch> (đẩy code lên server)
- git branch: kiểm tra trạng thái nhánh
- git branch <ten branch>: tạo branch
- git checkout <ten branch>: nhảy/ chuyển branch
- git pull: kéo code từ server về client
- git merge <ten branch>: trộn code lại


Admin@LAPTOP-3P9KPINT MINGW64 /d/study/project_front_end_2020/2000$amonth
$ ls
 es6_project/  'land agency'/   land1/   land2/  'theme real estate'/

Admin@LAPTOP-3P9KPINT MINGW64 /d/study/project_front_end_2020/2000$amonth
$ cd es6_project

Admin@LAPTOP-3P9KPINT MINGW64 /d/study/project_front_end_2020/2000$amonth/es6_project (master)
$ git status
On branch master
Your branch is up to date with 'origin/master'.

Untracked files:
  (use "git add <file>..." to include in what will be committed)
        package-lock.json
        package.json
        public/
        src/

nothing added to commit but untracked files present (use "git add" to track)

Admin@LAPTOP-3P9KPINT MINGW64 /d/study/project_front_end_2020/2000$amonth/es6_project (master)
$ git add .
warning: LF will be replaced by CRLF in package-lock.json.
The file will have its original line endings in your working directory
warning: LF will be replaced by CRLF in package.json.
The file will have its original line endings in your working directory

Admin@LAPTOP-3P9KPINT MINGW64 /d/study/project_front_end_2020/2000$amonth/es6_project (master)
$ git status
On branch master
Your branch is up to date with 'origin/master'.

Changes to be committed:
  (use "git restore --staged <file>..." to unstage)
        new file:   package-lock.json
        new file:   package.json
        new file:   public/assets/img/logo.jpg
        new file:   public/assets/img/logo.png
        new file:   public/assets/img/lt_hp.png
        new file:   public/assets/img/lt_lenovo.png
        new file:   public/assets/img/lt_macbook.png
        new file:   public/assets/img/lt_rog.png
        new file:   public/assets/img/promotion_1.png
        new file:   public/assets/img/promotion_2.png
        new file:   public/assets/img/promotion_3.jpg
        new file:   public/assets/img/slide_1.jpg
        new file:   public/assets/img/slide_2.jpg
        new file:   public/assets/img/slide_3.jpg
        new file:   public/assets/img/sp_blackberry.png
        new file:   public/assets/img/sp_iphoneX.png
        new file:   public/assets/img/sp_note7.png
        new file:   public/assets/img/sp_vivo850.png
        new file:   public/index.html
        new file:   src/config/index.js
        new file:   src/index.js
        new file:   src/model/product.js
        new file:   src/utils/callapi.js


Admin@LAPTOP-3P9KPINT MINGW64 /d/study/project_front_end_2020/2000$amonth/es6_project (master)
$ git help config

Admin@LAPTOP-3P9KPINT MINGW64 /d/study/project_front_end_2020/2000$amonth/es6_project (master)
$ git commit -m "upload source es6 practice version 1"
[master 00a48fb] upload source es6 practice version 1
 23 files changed, 306 insertions(+)
 create mode 100644 package-lock.json
 create mode 100644 package.json
 create mode 100644 public/assets/img/logo.jpg
 create mode 100644 public/assets/img/logo.png
 create mode 100644 public/assets/img/lt_hp.png
 create mode 100644 public/assets/img/lt_lenovo.png
 create mode 100644 public/assets/img/lt_macbook.png
 create mode 100644 public/assets/img/lt_rog.png
 create mode 100644 public/assets/img/promotion_1.png
 create mode 100644 public/assets/img/promotion_2.png
 create mode 100644 public/assets/img/promotion_3.jpg
 create mode 100644 public/assets/img/slide_1.jpg
 create mode 100644 public/assets/img/slide_2.jpg
 create mode 100644 public/assets/img/slide_3.jpg
 create mode 100644 public/assets/img/sp_blackberry.png
 create mode 100644 public/assets/img/sp_iphoneX.png
 create mode 100644 public/assets/img/sp_note7.png
 create mode 100644 public/assets/img/sp_vivo850.png
 create mode 100644 public/index.html
 create mode 100644 src/config/index.js
 create mode 100644 src/index.js
 create mode 100644 src/model/product.js
 create mode 100644 src/utils/callapi.js

Admin@LAPTOP-3P9KPINT MINGW64 /d/study/project_front_end_2020/2000$amonth/es6_project (master)
$ git status
On branch master
Your branch is ahead of 'origin/master' by 1 commit.
  (use "git push" to publish your local commits)

nothing to commit, working tree clean

Admin@LAPTOP-3P9KPINT MINGW64 /d/study/project_front_end_2020/2000$amonth/es6_project (master)
$ git push origin master
Logon failed, use ctrl+c to cancel basic credential prompt.
jackiwinremote: Invalid username or password.
fatal: Authentication failed for 'https://github.com/tranduoc/es6_project.git/'

Admin@LAPTOP-3P9KPINT MINGW64 /d/study/project_front_end_2020/2000$amonth/es6_project (master)
$ jackiwin
bash: jackiwin: command not found

Admin@LAPTOP-3P9KPINT MINGW64 /d/study/project_front_end_2020/2000$amonth/es6_project (master)
$ git push origin master



Admin@LAPTOP-3P9KPINT MINGW64 /d/study/project_front_end_2020/2000$amonth/es6_project (master)
$

Admin@LAPTOP-3P9KPINT MINGW64 /d/study/project_front_end_2020/2000$amonth/es6_project (master)
$

Admin@LAPTOP-3P9KPINT MINGW64 /d/study/project_front_end_2020/2000$amonth/es6_project (master)
$ git push origin master
Enumerating objects: 33, done.
Counting objects: 100% (33/33), done.
Delta compression using up to 4 threads
Compressing objects: 100% (28/28), done.
Writing objects: 100% (32/32), 2.74 MiB | 379.00 KiB/s, done.
Total 32 (delta 0), reused 0 (delta 0), pack-reused 0





https://www.youtube.com/watch?v=gL5HBA_1bDQ&list=PLJ5qtRQovuEOoKffoCBzTfvzMTTORnoyp

https://www.youtube.com/watch?v=7hoq-xoAOSc&list=PLmbxe7ftoDqSNf5yGMhbDNjIZIM5mQ7Ow
https://www.youtube.com/watch?v=fF3yOUHXtKU&list=PLkY6Xj8Sg8-s-m-qFBQFoeNSfpCTBiwMU
https://www.youtube.com/watch?v=uytLPs_Q-9Y&list=PL3j2v4icehaRcvaGfwgg2gvmAjTqLjfEe&index=21

------------------------------



Admin@LAPTOP-3P9KPINT MINGW64 /d/study/project_front_end_2020/2000$amonth/es6_project (master)
$ git branch
* master

Admin@LAPTOP-3P9KPINT MINGW64 /d/study/project_front_end_2020/2000$amonth/es6_project (master)
$ git branch tranduoc

Admin@LAPTOP-3P9KPINT MINGW64 /d/study/project_front_end_2020/2000$amonth/es6_project (master)
$ git branch
* master
  tranduoc

Admin@LAPTOP-3P9KPINT MINGW64 /d/study/project_front_end_2020/2000$amonth/es6_project (master)
$ git checkout tranduoc
Switched to branch 'tranduoc'

Admin@LAPTOP-3P9KPINT MINGW64 /d/study/project_front_end_2020/2000$amonth/es6_project (tranduoc)
$ ^C

Admin@LAPTOP-3P9KPINT MINGW64 /d/study/project_front_end_2020/2000$amonth/es6_project (tranduoc)
$ git branch
  master
* tranduoc

Admin@LAPTOP-3P9KPINT MINGW64 /d/study/project_front_end_2020/2000$amonth/es6_project (tranduoc)
$ git checkout master
Switched to branch 'master'
Your branch is up to date with 'origin/master'.

Admin@LAPTOP-3P9KPINT MINGW64 /d/study/project_front_end_2020/2000$amonth/es6_project (master)
$ git branch
* master
  tranduoc

Admin@LAPTOP-3P9KPINT MINGW64 /d/study/project_front_end_2020/2000$amonth/es6_project (master)
$ git checkout tranduoc
Switched to branch 'tranduoc'

Admin@LAPTOP-3P9KPINT MINGW64 /d/study/project_front_end_2020/2000$amonth/es6_project (tranduoc)
$ git branch
  master
* tranduoc

Admin@LAPTOP-3P9KPINT MINGW64 /d/study/project_front_end_2020/2000$amonth/es6_project (tranduoc)
$ git branch tranduoc1

Admin@LAPTOP-3P9KPINT MINGW64 /d/study/project_front_end_2020/2000$amonth/es6_project (tranduoc)
$ git checkout master
Switched to branch 'master'
Your branch is up to date with 'origin/master'.

Admin@LAPTOP-3P9KPINT MINGW64 /d/study/project_front_end_2020/2000$amonth/es6_project (master)
$ git branch tranduoc1
fatal: A branch named 'tranduoc1' already exists.

Admin@LAPTOP-3P9KPINT MINGW64 /d/study/project_front_end_2020/2000$amonth/es6_project (master)
$ git checkout master
Already on 'master'
Your branch is up to date with 'origin/master'.

Admin@LAPTOP-3P9KPINT MINGW64 /d/study/project_front_end_2020/2000$amonth/es6_project (master)
$ git checkout tranduoc
Switched to branch 'tranduoc'

Admin@LAPTOP-3P9KPINT MINGW64 /d/study/project_front_end_2020/2000$amonth/es6_project (tranduoc)
$ git branch
  master
* tranduoc
  tranduoc1

Admin@LAPTOP-3P9KPINT MINGW64 /d/study/project_front_end_2020/2000$amonth/es6_project (tranduoc)
$
-------------------------


Admin@LAPTOP-3P9KPINT MINGW64 /d/study/project_front_end_2020/2000$amonth/es6_project (tranduoc)
$ git add  src/addUser.js

Admin@LAPTOP-3P9KPINT MINGW64 /d/study/project_front_end_2020/2000$amonth/es6_project (tranduoc)
$ git status
On branch tranduoc
Changes to be committed:
  (use "git restore --staged <file>..." to unstage)
        new file:   src/addUser.js


Admin@LAPTOP-3P9KPINT MINGW64 /d/study/project_front_end_2020/2000$amonth/es6_project (tranduoc)
$ git commit -m "add adduser file to "
[tranduoc 3a9f6da] add adduser file to
 1 file changed, 3 insertions(+)
 create mode 100644 src/addUser.js

Admin@LAPTOP-3P9KPINT MINGW64 /d/study/project_front_end_2020/2000$amonth/es6_project (tranduoc)
$
------------------------
Admin@LAPTOP-3P9KPINT MINGW64 /d/study/project_front_end_2020/2000$amonth/es6_project (tranduoc)
$ git commit -m "add adduser file to "
[tranduoc 3a9f6da] add adduser file to
 1 file changed, 3 insertions(+)
 create mode 100644 src/addUser.js

Admin@LAPTOP-3P9KPINT MINGW64 /d/study/project_front_end_2020/2000$amonth/es6_project (tranduoc)
$ git push origin master
Everything up-to-date

Admin@LAPTOP-3P9KPINT MINGW64 /d/study/project_front_end_2020/2000$amonth/es6_project (tranduoc)
$ git push origin tranduoc
Enumerating objects: 6, done.
Counting objects: 100% (6/6), done.
Delta compression using up to 4 threads
Compressing objects: 100% (4/4), done.
Writing objects: 100% (4/4), 398 bytes | 398.00 KiB/s, done.
Total 4 (delta 2), reused 0 (delta 0), pack-reused 0
remote: Resolving deltas: 100% (2/2), completed with 2 local objects.
remote:
remote: Create a pull request for 'tranduoc' on GitHub by visiting:
remote:      https://github.com/tranduoc/es6_project/pull/new/tranduoc
remote:
To https://github.com/tranduoc/es6_project.git
 * [new branch]      tranduoc -> tranduoc

Admin@LAPTOP-3P9KPINT MINGW64 /d/study/project_front_end_2020/2000$amonth/es6_project (tranduoc)
$
---------------------------------------------------------------------
doan nay quan trong - conflig code

lam nhanh moi
Admin@LAPTOP-3P9KPINT MINGW64 /d/study/project_front_end_2020/2000$amonth/es6_project (tranduoc)
$ git checkout tranduoc1
Switched to branch 'tranduoc1'

Admin@LAPTOP-3P9KPINT MINGW64 /d/study/project_front_end_2020/2000$amonth/es6_project (tranduoc1)
$ git branch
  master
  tranduoc
* tranduoc1

Admin@LAPTOP-3P9KPINT MINGW64 /d/study/project_front_end_2020/2000$amonth/es6_project (tranduoc1)
$ git status
On branch tranduoc1
Untracked files:
  (use "git add <file>..." to include in what will be committed)
        src/addUser.js

nothing added to commit but untracked files present (use "git add" to track)

Admin@LAPTOP-3P9KPINT MINGW64 /d/study/project_front_end_2020/2000$amonth/es6_project (tranduoc1)
$ ^C
Admin@LAPTOP-3P9KPINT MINGW64 /d/study/project_front_end_2020/2000$amonth/es6_project (tranduoc1)
$ git status
On branch tranduoc1
Untracked files:
  (use "git add <file>..." to include in what will be committed)
        src/addUser.js

nothing added to commit but untracked files present (use "git add" to track)

Admin@LAPTOP-3P9KPINT MINGW64 /d/study/project_front_end_2020/2000$amonth/es6_project (tranduoc1)
$ git push origin tranduoc1
Total 0 (delta 0), reused 0 (delta 0), pack-reused 0
remote:
remote: Create a pull request for 'tranduoc1' on GitHub by visiting:
remote:      https://github.com/tranduoc/es6_project/pull/new/tranduoc1
remote:
To https://github.com/tranduoc/es6_project.git
 * [new branch]      tranduoc1 -> tranduoc1

Admin@LAPTOP-3P9KPINT MINGW64 /d/study/project_front_end_2020/2000$amonth/es6_project (tranduoc1)
$ git add src/addUser.js

Admin@LAPTOP-3P9KPINT MINGW64 /d/study/project_front_end_2020/2000$amonth/es6_project (tranduoc1)
$ git status
On branch tranduoc1
Changes to be committed:
  (use "git restore --staged <file>..." to unstage)
        new file:   src/addUser.js


Admin@LAPTOP-3P9KPINT MINGW64 /d/study/project_front_end_2020/2000$amonth/es6_project (tranduoc1)
$ git commit -m "tranduoc 1 add file"
[tranduoc1 c07f36b] tranduoc 1 add file
 1 file changed, 3 insertions(+)
 create mode 100644 src/addUser.js

Admin@LAPTOP-3P9KPINT MINGW64 /d/study/project_front_end_2020/2000$amonth/es6_project (tranduoc1)
$ git push origin tranduoc1
Enumerating objects: 6, done.
Counting objects: 100% (6/6), done.
Delta compression using up to 4 threads
Compressing objects: 100% (4/4), done.
Writing objects: 100% (4/4), 385 bytes | 192.00 KiB/s, done.
Total 4 (delta 2), reused 0 (delta 0), pack-reused 0
remote: Resolving deltas: 100% (2/2), completed with 2 local objects.
To https://github.com/tranduoc/es6_project.git
   00a48fb..c07f36b  tranduoc1 -> tranduoc1

Admin@LAPTOP-3P9KPINT MINGW64 /d/study/project_front_end_2020/2000$amonth/es6_project (tranduoc1)
$ git status
On branch tranduoc1
nothing to commit, working tree clean

Admin@LAPTOP-3P9KPINT MINGW64 /d/study/project_front_end_2020/2000$amonth/es6_project (tranduoc1)
$

Admin@LAPTOP-3P9KPINT MINGW64 /d/study/project_front_end_2020/2000$amonth/es6_project (tranduoc1)
$ git checkout master
Switched to branch 'master'
Your branch is up to date with 'origin/master'.

Admin@LAPTOP-3P9KPINT MINGW64 /d/study/project_front_end_2020/2000$amonth/es6_project (master)

$ git pull


remote: Enumerating objects: 1, done.
remote: Counting objects: 100% (1/1), done.
remote: Total 1 (delta 0), reused 0 (delta 0), pack-reused 0
Unpacking objects: 100% (1/1), 624 bytes | 89.00 KiB/s, done.
From https://github.com/tranduoc/es6_project
   00a48fb..34cf57c  master     -> origin/master
Updating 00a48fb..34cf57c
Fast-forward
 src/addUser.js | 3 +++
 1 file changed, 3 insertions(+)
 create mode 100644 src/addUser.js


Admin@LAPTOP-3P9KPINT MINGW64 /d/study/project_front_end_2020/2000$amonth/es6_project (master)
$ git checkout tranduoc1
Switched to branch 'tranduoc1'

Admin@LAPTOP-3P9KPINT MINGW64 /d/study/project_front_end_2020/2000$amonth/es6_project (tranduoc1)

$ git merge master

CONFLICT (add/add): Merge conflict in src/addUser.js
Auto-merging src/addUser.js
Automatic merge failed; fix conflicts and then commit the result.

Admin@LAPTOP-3P9KPINT MINGW64 /d/study/project_front_end_2020/2000$amonth/es6_project (tranduoc1|MERGING)
$


const addUser = () => {
<<<<<<< HEAD
  console.log("add info user ");
=======
  console.log("Thuc hien task add user ");
>>>>>>> master
};




Admin@LAPTOP-3P9KPINT MINGW64 /d/study/project_front_end_2020/2000$amonth/es6_project (tranduoc1|MERGING)

$ git status

On branch tranduoc1
You have unmerged paths.
  (fix conflicts and run "git commit")
  (use "git merge --abort" to abort the merge)

Unmerged paths:
  (use "git add <file>..." to mark resolution)
        both added:      src/addUser.js

no changes added to commit (use "git add" and/or "git commit -a")

Admin@LAPTOP-3P9KPINT MINGW64 /d/study/project_front_end_2020/2000$amonth/es6_project (tranduoc1|MERGING)
$ git add src/addUser.js

Admin@LAPTOP-3P9KPINT MINGW64 /d/study/project_front_end_2020/2000$amonth/es6_project (tranduoc1|MERGING)

$ git status

On branch tranduoc1
All conflicts fixed but you are still merging.
  (use "git commit" to conclude merge)


Admin@LAPTOP-3P9KPINT MINGW64 /d/study/project_front_end_2020/2000$amonth/es6_project (tranduoc1|MERGING)

$ git commit -m "tranduoc1 edit "

[tranduoc1 652a4e3] tranduoc1 edit

Admin@LAPTOP-3P9KPINT MINGW64 /d/study/project_front_end_2020/2000$amonth/es6_project (tranduoc1)

$ git push origin tranduoc1

Enumerating objects: 1, done.
Counting objects: 100% (1/1), done.
Writing objects: 100% (1/1), 208 bytes | 208.00 KiB/s, done.
Total 1 (delta 0), reused 0 (delta 0), pack-reused 0
To https://github.com/tranduoc/es6_project.git
   c07f36b..652a4e3  tranduoc1 -> tranduoc1

Admin@LAPTOP-3P9KPINT MINGW64 /d/study/project_front_end_2020/2000$amonth/es6_project (tranduoc1)

$ git status

On branch tranduoc1
nothing to commit, working tree clean

Admin@LAPTOP-3P9KPINT MINGW64 /d/study/project_front_end_2020/2000$amonth/es6_project (tranduoc1)
$ git status
On branch tranduoc1
nothing to commit, working tree clean

Admin@LAPTOP-3P9KPINT MINGW64 /d/study/project_front_end_2020/2000$amonth/es6_project (tranduoc1)


giải quyết xung đột code nhiều thanh viên trên cùng project
gồm các bước 


-----------------------------
 Trường hợp : sau khi npm install 

trường hợp tồn tại node module


cần tạo file  .gitignore; 

Admin@LAPTOP-3P9KPINT MINGW64 /d/study/project_front_end_2020/2000$amonth/es6_project (tranduoc1)

$ git status

On branch tranduoc1
nothing to commit, working tree clean

Admin@LAPTOP-3P9KPINT MINGW64 /d/study/project_front_end_2020/2000$amonth/es6_project (tranduoc1)

$ git status

On branch tranduoc1
Changes not staged for commit:
  (use "git add <file>..." to update what will be committed)
  (use "git restore <file>..." to discard changes in working directory)
        modified:   src/addUser.js

Untracked files:
  (use "git add <file>..." to include in what will be committed)
        node_modules/

no changes added to commit (use "git add" and/or "git commit -a")

Admin@LAPTOP-3P9KPINT MINGW64 /d/study/project_front_end_2020/2000$amonth/es6_project (tranduoc1)
$


$ git status

On branch tranduoc1
Changes not staged for commit:
  (use "git add <file>..." to update what will be committed)
  (use "git restore <file>..." to discard changes in working directory)
        modified:   src/addUser.js

Untracked files:
  (use "git add <file>..." to include in what will be committed)
        .gitignore

no changes added to commit (use "git add" and/or "git commit -a")

Admin@LAPTOP-3P9KPINT MINGW64 /d/study/project_front_end_2020/2000$amonth/es6_project (tranduoc1)
$

Admin@LAPTOP-3P9KPINT MINGW64 /d/study/project_front_end_2020/2000$amonth/es6_project (tranduoc1)

$ git add  src/addUser.js

Admin@LAPTOP-3P9KPINT MINGW64 /d/study/project_front_end_2020/2000$amonth/es6_project (tranduoc1)

$ git status

On branch tranduoc1
Changes to be committed:
  (use "git restore --staged <file>..." to unstage)
        modified:   src/addUser.js


Admin@LAPTOP-3P9KPINT MINGW64 /d/study/project_front_end_2020/2000$amonth/es6_project (tranduoc1)
$ git commit -m " add function delete user "
[tranduoc1 68d039e]  add function delete user
 1 file changed, 4 insertions(+)

Admin@LAPTOP-3P9KPINT MINGW64 /d/study/project_front_end_2020/2000$amonth/es6_project (tranduoc1)

$ git push origin tranduoc1

Enumerating objects: 10, done.
Counting objects: 100% (10/10), done.
Delta compression using up to 4 threads
Compressing objects: 100% (6/6), done.
Writing objects: 100% (7/7), 785 bytes | 261.00 KiB/s, done.
Total 7 (delta 2), reused 0 (delta 0), pack-reused 0
remote: Resolving deltas: 100% (2/2), completed with 1 local object.
To https://github.com/tranduoc/es6_project.git
   652a4e3..68d039e  tranduoc1 -> tranduoc1

Admin@LAPTOP-3P9KPINT MINGW64 /d/study/project_front_end_2020/2000$amonth/es6_project (tranduoc1)

$ git status

On branch tranduoc1
nothing to commit, working tree clean

Admin@LAPTOP-3P9KPINT MINGW64 /d/study/project_front_end_2020/2000$amonth/es6_project (tranduoc1)



-------------

viết cv